// Jest Snapshot v1, https://goo.gl/fbAQLP

exports[`More.vue should have the expected DOM 1`] = `
<h2 class="more">
  More eye care games are coming soon...
</h2>
`;
